Unity Editor version:    6000.5.9f1 (b57deb96f08d)
Branch:                  6000.5/staging
Build type:              Release
Batch mode:              NO
macOS version:           Version 26.5.1 (Build 25F80)
Darwin version:          25.5.0
Architecture:            arm64
Running under Rosetta:   NO
Available memory:        16384 MB
Date:                    2026-08-19T18:59:32Z
[Licensing::Module] Trying to connect to existing licensing client channel...
[Licensing::IpcConnector] Successfully connected to: "LicenseClient-massimo" at "2026-08-19T18:59:32.154721Z"

COMMAND LINE ARGUMENTS:
/Applications/Unity/Hub/Editor/6000.5.9f1/Unity.app/Contents/MacOS/Unity
-projectpath
/Users/massimo/Documents/dev/amnesia
-acceptSoftwareTermsForThisRunOnly
-useHub
-hubIPC
-cloudEnvironment
production
-licensingIpc
LicenseClient-massimo
-hubSessionId
be875b0b-25cb-47ec-9840-1d501e0fdabc
-accessToken
uy_6kCOEIfU2eMf-Nh_b8FOGmK2JqW8b_wbhflfzkis012f
Successfully changed project path to: /Users/massimo/Documents/dev/amnesia
/Users/massimo/Documents/dev/amnesia
[UnityMemory] Configuration Parameters - Can be set up in boot.config
    "memorysetup-temp-allocator-size-gi-baking-worker=262144"
    "memorysetup-temp-allocator-size-gi-baking-worker=262144"
    "memorysetup-temp-allocator-size-gi-baking-worker=262144"
    "memorysetup-temp-allocator-size-gi-baking-worker=262144"
    "memorysetup-temp-allocator-size-gi-baking-worker=262144"
    "memorysetup-temp-allocator-size-nav-mesh-worker=65536"
    "memorysetup-temp-allocator-size-audio-worker=65536"
    "memorysetup-temp-allocator-size-cloud-worker=32768"
    "memorysetup-allocator-temp-initial-block-size-main=262144"
    "memorysetup-allocator-temp-initial-block-size-worker=262144"
    "memorysetup-temp-allocator-size-preload-manager=33554432"
    "memorysetup-remapper-allocator-initial-capacity=32768"
    "memorysetup-temp-allocator-size-gfx=262144"
    "memorysetup-temp-allocator-size-background-worker=32768"
    "memorysetup-temp-allocator-size-job-worker=262144"
    "memorysetup-bucket-allocator-granularity=16"
    "memorysetup-bucket-allocator-bucket-count=8"
    "memorysetup-bucket-allocator-block-size=33554432"
    "memorysetup-bucket-allocator-block-count=8"
    "memorysetup-main-allocator-block-size=16777216"
    "memorysetup-thread-allocator-block-size=16777216"
    "memorysetup-main-allocator-mimalloc-enabled=0"
    "memorysetup-gfx-main-allocator-block-size=16777216"
    "memorysetup-gfx-thread-allocator-block-size=16777216"
    "memorysetup-cache-allocator-block-size=4194304"
    "memorysetup-typetree-allocator-block-size=2097152"
    "memorysetup-profiler-bucket-allocator-granularity=16"
    "memorysetup-profiler-bucket-allocator-bucket-count=8"
    "memorysetup-profiler-bucket-allocator-block-size=33554432"
    "memorysetup-profiler-bucket-allocator-block-count=8"
    "memorysetup-profiler-allocator-block-size=16777216"
    "memorysetup-profiler-editor-allocator-block-size=1048576"
    "memorysetup-temp-allocator-size-main=16777216"
    "memorysetup-job-temp-allocator-block-size=2097152"
    "memorysetup-job-temp-allocator-block-size-background=1048576"
    "memorysetup-job-temp-allocator-reduction-small-platforms=262144"
[Licensing::Client] Error: HandshakeResponse reported an error:
	ResponseCode: 505
	ResponseStatus: Unsupported protocol version '1.18.3'.
[Licensing::Module] Error: Failed to handshake to channel: "LicenseClient-massimo"
[Licensing::IpcConnector] LicenseClient-massimo channel disconnected successfully.
[Licensing::IpcConnector] Channel LicenseClient-massimo-6000.5.9 doesn't exist
[Licensing::Module] Successfully launched the LicensingClient (PId: 94218)
Player connection [8421564032]  Target information:

Player connection [8421564032]  * "[IP] 192.168.1.40 [Port] 55504 [Flags] 2 [Guid] 2413009663 [EditorId] 2413009663 [Version] 1048832 [Id] OSXEditor(0,MacBook-Air-di-Massimo-5.local) [Debug] 1 [PackageName] OSXEditor [ProjectName] Editor" 

Player connection [8421564032] Host joined multi-casting on [225.0.0.222:54997]...
Player connection [8421564032] Host joined alternative multi-casting on [225.0.0.222:34997]...
Input System module state changed to: Initialized.
[Physics::Module] Initialized fallback backend.
[Physics::Module] Id: 0xdecafbad
[Package Manager] Connected to IPC stream "Upm-94206" after 0.1 seconds.
[Licensing::Module] Licensing is not yet initialized.
[Licensing::IpcConnector] Successfully connected to: "LicenseClient-massimo-6000.5.9" at "2026-08-19T18:59:32.856161Z"
[Licensing::Client] Handshaking with LicensingClient:
  Version:                 1.18.3+d7ffd15
  Session Id:              4081f8e2e5104b408eea7757ad539cd4
  Correlation Id:          1ae2dae50719ceb8af702b67eb6913d1
  External correlation Id: 241868801668656149
  Machine Id:              bfxjKVTiqw1IXz2ixDuv+bihg8E=
[Licensing::Module] Successfully connected to LicensingClient on channel: "LicenseClient-massimo-6000.5.9" (connect: 0.38s, validation: 0.07s, handshake: 0.27s)
[Licensing::IpcConnector] Successfully connected to: "LicenseClient-massimo-6000.5.9-notifications" at "2026-08-19T18:59:33.196142Z"
[Licensing::Module] Connected to LicensingClient (PId: 94218, launch time: 0.00, total connection time: 0.72s)
[Licensing::Client] Successfully updated the access token
[Licensing::Module] Successfully updated the access token uy_6kCOEIf...
[Licensing::Client] Successfully resolved entitlement details
[Licensing::Module] License group:
  Id: F4-UQQC-S2NF-XNSF-PFES-XXXX
  Product: Unity Personal
  Type: ULF
  Expiration: Unlimited
[Licensing::Client] Successfully updated license, isAsync: True, time: 0.00
[Licensing::Client] Successfully resolved entitlement details
[Licensing::Module] Licensing Background thread has ended after 1.06s
[Licensing::Module] Licensing is initialized (took 0.59s).
[Licensing::Client] Successfully resolved entitlement details
Library Redirect Path: Library/
[Physics::Module] Selected backend.
[Physics::Module] Name: PhysX
[Physics::Module] Id: 0xf2b8ea05
[Physics::Module] SDK Version: 4.1.2
[Physics::Module] Integration Version: 1.0.0
[Physics::Module] Threading Mode: Multi-Threaded
Artifact Garbage Collection - Removed 55 unused hashed content files
Initialize engine version: 6000.5.9f1 (b57deb96f08d)
[Subsystems] Discovering subsystems at path /Applications/Unity/Hub/Editor/6000.5.9f1/Unity.app/Contents/Resources/UnitySubsystems
[Subsystems] Discovering subsystems at path /Users/massimo/Documents/dev/amnesia/Assets
GfxDevice: creating device client; kGfxThreadingModeThreaded
 preferred device: Apple M2 (high power)
Metal devices available: 1
0: Apple M2 (high power)
Using device Apple M2 (high power)
Initializing Metal device caps: Apple M2
Mac GPU Family: 2
Apple GPU Family: 8
MSL Version: 3.0
Has Float MSAA: 1
Has Float Filtering: 1
ReadWrite Texture Tier: 2
Initialize mono
Mono path[0] = '/Applications/Unity/Hub/Editor/6000.5.9f1/Unity.app/Contents/Resources/Scripting/Managed'
Mono path[1] = '/Applications/Unity/Hub/Editor/6000.5.9f1/Unity.app/Contents/Resources/Scripting/BCLExtensions/runtime/netstandard2.1'
Mono path[2] = '/Applications/Unity/Hub/Editor/6000.5.9f1/Unity.app/Contents/Resources/Scripting/MonoBleedingEdge/lib/mono/unityjit-macos'
Mono config path = '/Applications/Unity/Hub/Editor/6000.5.9f1/Unity.app/Contents/Resources/Scripting/MonoBleedingEdge/etc'
Using monoOptions --debugger-agent=transport=dt_socket,embedding=1,server=y,suspend=n,address=127.0.0.1:56206
CodeReloadManager initialized
ImportWorker Server TCP listen port: 0
AcceleratorClientConnectionCallback - disconnected - :0
Begin MonoManager ReloadAssembly
Registering precompiled unity dll's ...
Register platform support module: /Applications/Unity/Hub/Editor/6000.5.9f1/PlaybackEngines/WebGLSupport/UnityEditor.WebGL.Extensions.dll
Register platform support module: /Applications/Unity/Hub/Editor/6000.5.9f1/PlaybackEngines/MacStandaloneSupport/UnityEditor.OSXStandalone.Extensions.dll
Registered in 0.001681 seconds.
Native extension for OSXStandalone target not found
Native extension for WebGL target not found
Package Manager log level set to [2]
ScheduleIndexationOnStartup MainProcess:False IndexOnStartup:True
Mono: successfully reloaded assembly
- Finished resetting the current domain, in  0.791 seconds
Domain Reload Profiling: 1194ms
	BeginReloadAssembly (112ms)
		CreateAndSetChildDomain (3ms)
	RebuildCommonClasses (5ms)
	RebuildNativeTypeToScriptingClass (18ms)
	initialDomainReloadingComplete (51ms)
	LoadAllAssembliesAndSetupDomain (217ms)
		LoadAssemblies (110ms)
		AnalyzeDomain (172ms)
			TypeCache.Refresh (171ms)
				TypeCache.ScanAssembly (155ms)
	FinalizeReload (792ms)
		SetupLoadedEditorAssemblies (0ms)
			BeforeProcessingInitializeOnLoad (55ms)
			ProcessInitializeOnLoadAttributes (73ms)
			ProcessInitializeOnLoadMethodAttributes (611ms)
[Licensing::Client] Successfully resolved entitlement details
Application.AssetDatabase Initial Refresh Start
[Package Manager] Restoring resolved packages state from cache
[Licensing::Client] Successfully resolved entitlement details
[Package Manager] Registered 37 packages:
  Built-in packages:
    com.unity.multiplayer.center@1.0.1 (location: /Users/massimo/Documents/dev/amnesia/Library/PackageCache/com.unity.multiplayer.center@b860850997d0)
    com.unity.modules.accessibility@1.0.0 (location: /Users/massimo/Documents/dev/amnesia/Library/PackageCache/com.unity.modules.accessibility)
    com.unity.modules.adaptiveperformance@1.0.0 (location: /Users/massimo/Documents/dev/amnesia/Library/PackageCache/com.unity.modules.adaptiveperformance)
    com.unity.modules.ai@1.0.0 (location: /Users/massimo/Documents/dev/amnesia/Library/PackageCache/com.unity.modules.ai)
    com.unity.modules.androidjni@1.0.0 (location: /Users/massimo/Documents/dev/amnesia/Library/PackageCache/com.unity.modules.androidjni)
    com.unity.modules.animation@1.0.0 (location: /Users/massimo/Documents/dev/amnesia/Library/PackageCache/com.unity.modules.animation)
    com.unity.modules.assetbundle@1.0.0 (location: /Users/massimo/Documents/dev/amnesia/Library/PackageCache/com.unity.modules.assetbundle)
    com.unity.modules.audio@1.0.0 (location: /Users/massimo/Documents/dev/amnesia/Library/PackageCache/com.unity.modules.audio)
    com.unity.modules.cloth@1.0.0 (location: /Users/massimo/Documents/dev/amnesia/Library/PackageCache/com.unity.modules.cloth)
    com.unity.modules.director@1.0.0 (location: /Users/massimo/Documents/dev/amnesia/Library/PackageCache/com.unity.modules.director)
    com.unity.modules.imageconversion@1.0.0 (location: /Users/massimo/Documents/dev/amnesia/Library/PackageCache/com.unity.modules.imageconversion)
    com.unity.modules.imgui@1.0.0 (location: /Users/massimo/Documents/dev/amnesia/Library/PackageCache/com.unity.modules.imgui)
    com.unity.modules.jsonserialize@1.0.0 (location: /Users/massimo/Documents/dev/amnesia/Library/PackageCache/com.unity.modules.jsonserialize)
    com.unity.modules.particlesystem@1.0.0 (location: /Users/massimo/Documents/dev/amnesia/Library/PackageCache/com.unity.modules.particlesystem)
    com.unity.modules.physics@1.0.0 (location: /Users/massimo/Documents/dev/amnesia/Library/PackageCache/com.unity.modules.physics)
    com.unity.modules.physics2d@1.0.0 (location: /Users/massimo/Documents/dev/amnesia/Library/PackageCache/com.unity.modules.physics2d)
    com.unity.modules.physicscore2d@1.0.0 (location: /Users/massimo/Documents/dev/amnesia/Library/PackageCache/com.unity.modules.physicscore2d)
    com.unity.modules.screencapture@1.0.0 (location: /Users/massimo/Documents/dev/amnesia/Library/PackageCache/com.unity.modules.screencapture)
    com.unity.modules.terrain@1.0.0 (location: /Users/massimo/Documents/dev/amnesia/Library/PackageCache/com.unity.modules.terrain)
    com.unity.modules.terrainphysics@1.0.0 (location: /Users/massimo/Documents/dev/amnesia/Library/PackageCache/com.unity.modules.terrainphysics)
    com.unity.modules.tilemap@1.0.0 (location: /Users/massimo/Documents/dev/amnesia/Library/PackageCache/com.unity.modules.tilemap)
    com.unity.modules.ui@1.0.0 (location: /Users/massimo/Documents/dev/amnesia/Library/PackageCache/com.unity.modules.ui)
    com.unity.modules.uielements@1.0.0 (location: /Users/massimo/Documents/dev/amnesia/Library/PackageCache/com.unity.modules.uielements)
    com.unity.modules.umbra@1.0.0 (location: /Users/massimo/Documents/dev/amnesia/Library/PackageCache/com.unity.modules.umbra)
    com.unity.modules.unityanalytics@1.0.0 (location: /Users/massimo/Documents/dev/amnesia/Library/PackageCache/com.unity.modules.unityanalytics)
    com.unity.modules.unitywebrequest@1.0.0 (location: /Users/massimo/Documents/dev/amnesia/Library/PackageCache/com.unity.modules.unitywebrequest)
    com.unity.modules.unitywebrequestassetbundle@1.0.0 (location: /Users/massimo/Documents/dev/amnesia/Library/PackageCache/com.unity.modules.unitywebrequestassetbundle)
    com.unity.modules.unitywebrequestaudio@1.0.0 (location: /Users/massimo/Documents/dev/amnesia/Library/PackageCache/com.unity.modules.unitywebrequestaudio)
    com.unity.modules.unitywebrequesttexture@1.0.0 (location: /Users/massimo/Documents/dev/amnesia/Library/PackageCache/com.unity.modules.unitywebrequesttexture)
    com.unity.modules.unitywebrequestwww@1.0.0 (location: /Users/massimo/Documents/dev/amnesia/Library/PackageCache/com.unity.modules.unitywebrequestwww)
    com.unity.modules.vectorgraphics@1.0.0 (location: /Users/massimo/Documents/dev/amnesia/Library/PackageCache/com.unity.modules.vectorgraphics)
    com.unity.modules.vehicles@1.0.0 (location: /Users/massimo/Documents/dev/amnesia/Library/PackageCache/com.unity.modules.vehicles)
    com.unity.modules.video@1.0.0 (location: /Users/massimo/Documents/dev/amnesia/Library/PackageCache/com.unity.modules.video)
    com.unity.modules.wind@1.0.0 (location: /Users/massimo/Documents/dev/amnesia/Library/PackageCache/com.unity.modules.wind)
    com.unity.modules.xr@1.0.0 (location: /Users/massimo/Documents/dev/amnesia/Library/PackageCache/com.unity.modules.xr)
    com.unity.modules.subsystems@1.0.0 (location: /Users/massimo/Documents/dev/amnesia/Library/PackageCache/com.unity.modules.subsystems)
    com.unity.modules.hierarchycore@1.0.0 (location: /Users/massimo/Documents/dev/amnesia/Library/PackageCache/com.unity.modules.hierarchycore)
[Subsystems] No new subsystems found in resolved package list.
[Package Manager] Done registering packages in 0.00 seconds
info: Microsoft.Hosting.Lifetime[14]
      Now listening on: http://unix:/tmp/ilpp.sock-1e2ab6794cb090d6bc953dc62e245da0
info: Microsoft.Hosting.Lifetime[0]
      Application started. Press Ctrl+C to shut down.
info: Microsoft.Hosting.Lifetime[0]
      Hosting environment: Production
info: Microsoft.Hosting.Lifetime[0]
      Content root path: /Users/massimo/Documents/dev/amnesia
info: Microsoft.AspNetCore.Hosting.Diagnostics[1]
      Request starting HTTP/2 POST http://ilpp/UnityILPP.PostProcessing/Ping - application/grpc -
info: Microsoft.AspNetCore.Routing.EndpointMiddleware[0]
      Executing endpoint 'gRPC - /UnityILPP.PostProcessing/Ping'
info: Microsoft.AspNetCore.Routing.EndpointMiddleware[1]
      Executed endpoint 'gRPC - /UnityILPP.PostProcessing/Ping'
info: Microsoft.AspNetCore.Hosting.Diagnostics[2]
      Request finished HTTP/2 POST http://ilpp/UnityILPP.PostProcessing/Ping - 200 - application/grpc 27.1964ms
Starting: /Applications/Unity/Hub/Editor/6000.5.9f1/Unity.app/Contents/Resources/BuildPipeline/bee_backend --ipc --defer-dag-verification --dagfile="Library/Bee/200b0aE.dag" --continue-on-failure --profile="Library/Bee/backend1.traceevents" ScriptAssemblies
WorkingDir: /Users/massimo/Documents/dev/amnesia
ExitCode: 0 Duration: 0s41ms
*** Tundra build success (0.02 seconds), 0 items updated, 170 evaluated
AssetDatabase: script compilation time: 0.525751s
Total cache size 33262556
Total cache size after purge 33262556, took 00:00:00.0203693
Begin MonoManager ReloadAssembly
Native extension for OSXStandalone target not found
Native extension for WebGL target not found
ScheduleIndexationOnStartup MainProcess:True IndexOnStartup:True
Mono: successfully reloaded assembly
- Finished resetting the current domain, in  0.298 seconds
Domain Reload Profiling: 496ms
	BeginReloadAssembly (108ms)
		DisableScriptedObjects (10ms)
		CreateAndSetChildDomain (32ms)
	RebuildCommonClasses (5ms)
	RebuildNativeTypeToScriptingClass (11ms)
	initialDomainReloadingComplete (16ms)
	LoadAllAssembliesAndSetupDomain (56ms)
		LoadAssemblies (40ms)
		AnalyzeDomain (9ms)
			TypeCache.Refresh (6ms)
	FinalizeReload (299ms)
		SetupLoadedEditorAssemblies (0ms)
			BeforeProcessingInitializeOnLoad (47ms)
			ProcessInitializeOnLoadAttributes (59ms)
			ProcessInitializeOnLoadMethodAttributes (50ms)
		AwakeInstancesAfterBackupRestoration (12ms)
Starting new worker id: 0 with log in /Users/massimo/Documents/dev/amnesia/Logs/AssetImportWorkerHW0.log

Asset Pipeline Refresh (id=a75c3d13437ef4196b332cbe7ab3c44c): Total: 1.127 seconds - Initiated by InitialRefreshV2(ForceSynchronousImport)
	(Values over 0.05ms)
	Summary:
		Imports: total=0 (actual=0, local cache=0, cache server=0)
		Asset DB Process Time: managed=0 ms, native=374 ms
		Asset DB Callback time: managed=12 ms, native=6 ms
		Scripting: domain reloads=1, domain reload time=205 ms, compile time=527 ms, other=1 ms
		Project Asset Count: scripts=113, non-scripts=81
		Asset File Changes: new=0, changed=0, moved=0, deleted=0
		Scan Filter Count: 1
	InvokePackagesCallback: 6.717ms
	ApplyChangesToAssetFolders: 0.171ms
	Scan: 37.627ms
	Collect global state as custom dependencies: 6.458ms
	CategorizeScriptCompilationAssets: 0.194ms
	ProcessAssetsWithTransientArtifactChanges: 0.626ms
	CategorizeAssets: 1.079ms
	CompileScripts: 526.685ms
	ImportOutOfDateAssets: 301.553ms (299.734ms without children)
		UnloadImportedAssets: 0.131ms
		ImportSchedulerStart: 1.660ms
	PostProcessAllAssets: 12.150ms
		MonoPostProcessAllAssets: 12.115ms
			WindowAssetPostprocessingWatcher.OnPostprocessAllAssets 4.879ms
			SyncVS.PostprocessSyncProject 1.203ms
			EditModeScopePostprocessor.OnPostprocessAllAssets 0.612ms
			SpeedTree9Postprocessor.OnPostprocessAllAssets 0.395ms
			ReferencedClipsPostProcessor.OnPostprocessAllAssets 0.139ms
			TerrainToolbarOverlayPostProcessor.OnPostprocessAllAssets 0.100ms
			AssetDatabaseCallbacks.OnPostprocessAllAssets 0.075ms
	UnloadStreamsBegin: 0.834ms
	GenerateScriptTypeHashes: 0.195ms
	GenerateScriptTypeSerializationHashes: 0.417ms
	Untracked: 230.547ms

Application.AssetDatabase Initial Refresh End
Launching external process: /Applications/Unity/Hub/Editor/6000.5.9f1/Unity.app/Contents/Helpers/UnityShaderCompiler
Launched and connected shader compiler UnityShaderCompiler after 0.05 seconds
Scanning for USB devices : 0.023ms
Initializing Unity extensions:
[MODES] ModeService[none].Initialize
[MODES] ModeService[none].LoadModes
[MODES] Loading mode Default (0) for mode-current-id-amnesia
Unloading 3 Unused Serialized files (Serialized files now loaded: 0)
Unloading 76 unused Assets / (458.5 KB). Loaded Objects now: 886.
Memory consumption went from 137.4 MB to 136.9 MB.
Total: 4.421750 ms (FindLiveObjects: 0.034959 ms CreateObjectMapping: 0.010625 ms MarkObjects: 4.200417 ms  DeleteObjects: 0.175291 ms)

[LAYOUT] About to load UserSettings/Layouts/default-6000.dwlt, keepMainWindow=False
[LAYOUT] About to save layout /Users/massimo/Documents/dev/amnesia/UserSettings/Layouts/default-6000.dwlt
[LAYOUT] About to save layout /Users/massimo/Library/Preferences/Unity/Editor-5.x/Layouts/current/default-6000.dwlt
[MODES] ModeService[default].InitializeCurrentMode
[MODES] ModeService[default].RaiseModeChanged(default, default)
This project uses Input Manager, which is marked for deprecation. To manage input in your project, use the <a href="https://docs.unity3d.com/Packages/com.unity.inputsystem@latest">Input System package</a> instead.
[Project] Loading completed in 4.469 seconds
	Project init time: 				3.792 seconds
		Template init time: 		0.000 seconds
		Package Manager init time: 		0.655 seconds
		Asset Database init time: 		0.167 seconds
		Global illumination init time: 	0.000 seconds
		Assemblies load time: 			1.249 seconds
		Unity extensions init time: 	0.000 seconds
		Asset Database refresh time: 	1.127 seconds
	Scene opening time: 			0.484 seconds
##utp:{"type":"ProjectInfo","version":2,"phase":"Immediate","time":1787165976618,"processId":94206,"projectLoad":4.469084209000001,"projectInit":3.791998584,"templateInit":0.0,"packageManagerInit":0.655333542,"assetDatabaseInit":0.166593042,"globalIlluminationInit":0.000419208,"assembliesLoad":1.248556084,"unityExtensionsInit":0.000457083,"assetDatabaseRefresh":1.126736208,"sceneOpening":0.483824916}
##utp:{"type":"EditorInfo","version":2,"phase":"Immediate","time":1787165976618,"processId":94206,"editorVersion":"6000.5.9f1 (b57deb96f08d)","branch":"6000.5/staging","buildType":"Release","platform":"OSX"}
Subscribe to USB device events
Dynamic Batching is deprecated and will be removed in a future release. Use GPU Instancing instead. Disable Dynamic Batching in Project Settings > Player > Other Settings to remove this warning.
UnityEngine.Debug:ExtractStackTraceNoAlloc (byte*,int,string)
UnityEngine.StackTraceUtility:ExtractStackTrace () (at /Users/bokken/build/output/unity/unity/Runtime/Export/Scripting/StackTrace.cs:35)
UnityEngine.DebugLogHandler:Internal_Log (UnityEngine.LogType,UnityEngine.LogOption,string,UnityEngine.Object)
UnityEngine.DebugLogHandler:LogFormat (UnityEngine.LogType,UnityEngine.Object,string,object[])
UnityEngine.Logger:Log (UnityEngine.LogType,object)
UnityEngine.Debug:LogWarning (object)
UnityEditor.PlayerSettingsBatchingWarning:WarnIfDynamicBatchingEnabled () (at /Users/bokken/build/output/unity/unity/Editor/Mono/Inspector/PlayerSettingsEditor/PlayerSettingsBatchingWarning.cs:45)
UnityEditor.EditorApplication:Internal_CallUpdateFunctions () (at /Users/bokken/build/output/unity/unity/Editor/Mono/EditorApplication.cs:403)

(Filename: /Users/bokken/build/output/unity/unity/Editor/Mono/Inspector/PlayerSettingsEditor/PlayerSettingsBatchingWarning.cs Line: 45)

Worker ready: AssetImportWorkerHW0 0
Created GICache directory at /Users/massimo/Library/Caches/com.unity3d.UnityEditor/GiCache. Took: 0.005s, timestamps: [4.475 - 4.480]
[Licensing::Client] Successfully resolved entitlement details
[Licensing::Client] Successfully resolved entitlement details
[Licensing::Client] Successfully updated the access token
[Licensing::Module] Successfully updated access token: "uy_6kCOE"... (expires: 2026-08-19T20:43:39Z)
[Licensing::Client] Successfully resolved entitlement details
TrimDiskCacheJob: Current cache size 0mb
Asset Pipeline Refresh (id=fca04b83701244cd6bf721f44345cb1b): Total: 0.054 seconds - Initiated by RefreshV2(AllowForceSynchronousImport)
Start Indexing on Editor startup
[Indexing] Starting Initial Indexing for Assets
Starting new worker id: 1 with log in /Users/massimo/Documents/dev/amnesia/Logs/AssetImportWorkerHW1.log
[Worker0] Imported GUID: df0857f6a11054383be91b1f8e1b5800 - Path: Packages/com.unity.multiplayer.center/package.json - Importer: PreviewImporter -> (ImportResultId: 'c4ed96ef5756384fce85a522bef228ab') in 0.022126708 seconds
Worker ready: AssetImportWorkerHW1 1
[Worker0] Imported GUID: 787ec048daec145b580d1134da5dd278 - Path: Packages/com.unity.multiplayer.center/Tests/Editor/Unity.Multiplayer.Center.Editor.Tests.asmdef - Importer: PreviewImporter -> (ImportResultId: '98b9d4e2538ac8142ac786804a8d8ba6') in 0.033160917 seconds
MonoPathRemapper: Attempts to remap: 3789; Successful remaps: 372
Thread 0x17399b000 may have been prematurely finalized
Serialized file version minimum: 23, current 23
[LAYOUT] About to save layout /Users/massimo/Documents/dev/amnesia/UserSettings/Layouts/default-6000.dwlt
[LAYOUT] About to save layout /Users/massimo/Library/Preferences/Unity/Editor-5.x/Layouts/current/default-6000.dwlt
Thread 0x173ab3000 may have been prematurely finalized
Input System module state changed to: ShutdownInProgress.
Input Polling Thread exited.
Input System module state changed to: Shutdown.
Arresto di Server di MSBuild...
Arresto di Server del compilatore VB/C#...
[Physics::Module] Cleanup current backend.
[Physics::Module] Id: 0xf2b8ea05
[Licensing::IpcConnector] LicenseClient-massimo-6000.5.9-notifications channel disconnected successfully.
[Licensing::IpcConnector] LicenseClient-massimo-6000.5.9 channel disconnected successfully.
Thread 0x170b4f000 may have been prematurely finalized
Thread 0x170bdb000 may have been prematurely finalized
Thread 0x170893000 may have been prematurely finalized
Thread 0x1709ab000 may have been prematurely finalized
Thread 0x170a37000 may have been prematurely finalized
Thread 0x17091f000 may have been prematurely finalized
Thread 0x170ac3000 may have been prematurely finalized
Server del compilatore VB/C# è stato arrestato.
Server di MSBuild è stato arrestato.
Lingering sessions upon destruction of worker manager
AcceleratorClientConnectionCallback - disconnected - :0
Thread 0x17228b000 may have been prematurely finalized
Cleanup mono
CodeReloadManager destroyed
info: Microsoft.Hosting.Lifetime[0]
      Application is shutting down...
debugger-agent: Unable to listen on 78
Checking for leaked weakptr:
  Found no leaked weakptrs.
[Package Manager] Server process was shutdown
##utp:{"type":"MemoryLeaks","version":2,"phase":"Immediate","time":1787166592897,"processId":94206,"allocatedMemory":42474984,"memoryLabels":[{"Default":166867},{"Permanent":15672},{"Thread":1055928},{"Manager":24638},{"VertexData":8},{"Geometry":408},{"Texture":24},{"Shader":846410},{"Material":24},{"GfxDevice":42304},{"GfxThread":1920},{"Animation":968},{"Audio":1336},{"FreeType":8},{"FontEngine":736},{"Physics":2178},{"Physics2D":16},{"Serialization":768},{"Input":43216},{"JobScheduler":448},{"TextLib":14763},{"Mono":56},{"ScriptingNativeRuntime":155024},{"BaseObject":1622672},{"Resource":984},{"Renderer":3600},{"Transform":4693},{"File":9727},{"WebCam":32},{"Culling":32},{"Terrain":11346},{"Wind":24},{"String":10990},{"StaticString":4140},{"Utility":2689152},{"PoolAlloc":1960},{"AI":80},{"TypeTree":8933},{"CodeReload":448},{"RuntimeInitializeOnLoadManager":64},{"Sprites":102},{"SpriteAtlas":120},{"GI":7240},{"Director":8288},{"CloudService":7272},{"WebRequest":7362},{"VR":46890},{"SceneManager":616},{"Video":2112},{"LazyScriptCache":32},{"NativeArray":33045712},{"Camera":1313},{"Secure":9945},{"SerializationCache":1576},{"APIUpdating":10320},{"Subsystems":336},{"VirtualTexturing":57504},{"StaticSafetyDebugInfo":278528},{"Baselib":16},{"Analytics":528},{"Hierarchy":1608},{"UIElements":1184320},{"CoreStats":13768},{"Identifiers":6768},{"Gui":280456},{"EditorUtility":204617},{"VersionControl":8},{"Undo":939},{"AssetDatabase":494414},{"AssetImporter":40},{"EditorGi":328},{"UnityConnect":35434},{"Upm":1788},{"UpmDiagnostics":8},{"AssetCompliance":64},{"DrivenProperties":72},{"HubClient":848},{"LocalIPC":206},{"ProfilerEditor":9738},{"CoreBusinessMetrics":3085},{"Windowing":416},{"Licensing":960},{"AssetReference":32},{"IPCStream":6762}]}
