[2026-08-19T18:59:32.595Z][INFO] Command-line: /Applications/Unity/Hub/Editor/6000.5.9f1/Unity.app/Contents/Helpers/PackageManager/Server/UnityPackageManager server -s 94206 --ipc-path /tmp/Unity-Upm-94206.sock -l 2 --log-file /Users/massimo/Documents/dev/amnesia/Logs/upm.log
[2026-08-19T18:59:32.610Z][INFO] IPC server started (IPC path=/tmp/Unity-Upm-94206.sock).
[2026-08-19T18:59:32.610Z][INFO] Hint: To connect to this UPM instance, launch Unity with the command-line parameter -upmIpcPath Upm-94206.
[2026-08-19T18:59:34.212Z][INFO] project:list-packages <-- Request received
params: {}
[2026-08-19T18:59:34.303Z][INFO] project:list-packages --> 200 (92 ms)
[2026-08-19T18:59:34.352Z][INFO] project:list-packages <-- Request received
params: {}
[2026-08-19T18:59:34.363Z][INFO] config:project:get-registries <-- Request received
params: {}
[2026-08-19T18:59:34.382Z][INFO] config:project:get-registries --> 200 (19 ms)
[2026-08-19T18:59:34.383Z][INFO] project:list-packages --> 200 (31 ms)
[2026-08-19T18:59:35.878Z][INFO] project:list-packages <-- Request received
params: {}
[2026-08-19T18:59:35.888Z][INFO] project:list-packages <-- Request received
params: {}
[2026-08-19T18:59:35.907Z][INFO] project:list-packages --> 200 (30 ms)
[2026-08-19T18:59:35.927Z][INFO] project:list-packages --> 200 (39 ms)
[2026-08-19T18:59:35.933Z][INFO] config:project:get-registries <-- Request received
params: {}
[2026-08-19T18:59:35.934Z][INFO] config:project:get-registries --> 200 (1 ms)
[2026-08-19T18:59:36.617Z][INFO] project:list-packages <-- Request received
params: {}
[2026-08-19T18:59:36.655Z][INFO] project:list-packages --> 200 (38 ms)
[2026-08-19T18:59:38.731Z][INFO] project:list-packages <-- Request received
params: {}
[2026-08-19T18:59:39.104Z][INFO] project:list-packages --> 200 (373 ms)
[2026-08-19T19:09:52.890Z][INFO] Received shutdown request (SIGTERM), shutting down Unity Package Manager
